---
source: server/tests/book.rs
expression: read_snapshot(&log_dir)
---
UserCreationPayload {
    email: "user@user.com",
    access_level: 0,
}
BookLeaseByTitlePayload {
    title: "Rapunzel",
    lease_id_req: "user@user.com",
    lease_length: 86400,
}
BookLeaseByTitlePayload {
    title: "Rapunzel",
    lease_id_req: "user@user.com",
    lease_length: 86400,
}

