---
source: server/tests/book.rs
expression: read_snapshot(&log_dir)
---
UserCreatePayload {
    email: "normal@user.com",
    access_mask: 1,
    requester_access_token: None,
}
BookCreatePayload {
    title: "TEST",
    access_token: "normal@user.com",
}
UserCreatePayload {
    email: "librarian@user.com",
    access_mask: 17,
    requester_access_token: Some(
        "admin_access_token",
    ),
}
BookCreatePayload {
    title: "TEST",
    access_token: "librarian@user.com",
}
BookGetByTitlePayload {
    title: "TEST",
}
