---
source: server/tests/book.rs
expression: read_snapshot(&log_dir)
---
UserCreationPayload {
    email: "simple@user.com",
    access_mask: 1,
    requester_access_token: None,
}
BookLeaseByTitlePayload {
    title: "Rapunzel",
    lease_length: 86400,
    lease_id: "simple@user.com",
}
BookLeaseByTitlePayload {
    title: "Rapunzel",
    lease_length: 86400,
    lease_id: "simple@user.com",
}

