---
source: server/tests/book.rs
expression: read_snapshot(&log_dir)
---
UserCreationPayload {
    email: "first@user.com",
    access_mask: 1,
    requester_access_token: None,
}
UserCreationPayload {
    email: "second@user.com",
    access_mask: 1,
    requester_access_token: None,
}
BookBorrowByTitlePayload {
    title: "Rapunzel",
    borrow_length: 86400,
    borrow_id: "first@user.com",
}
BookEndBorrowByTitlePayload {
    title: "Rapunzel",
    access_token: "second@user.com",
}
BookEndBorrowByTitlePayload {
    title: "Rapunzel",
    access_token: "first@user.com",
}
BookBorrowByTitlePayload {
    title: "Rapunzel",
    borrow_length: 86400,
    borrow_id: "second@user.com",
}
UserCreationPayload {
    email: "librarian@user.com",
    access_mask: 17,
    requester_access_token: Some(
        "admin_access_token",
    ),
}
BookEndBorrowByTitlePayload {
    title: "Rapunzel",
    access_token: "librarian@user.com",
}
