---
source: server/tests/book.rs
expression: read_snapshot(&log_dir)
---
BookCreatePayload {
    title: "Cinderella",
    access_token: "admin@admin.com",
}
UserCreatePayload {
    email: "simple@user.com",
    access_mask: 1,
    requester_access_token: None,
}
BookBorrowByTitlePayload {
    title: "Cinderella",
    borrow_id: "simple@user.com",
    borrow_length: 86400,
}
BookBorrowByTitlePayload {
    title: "Cinderella",
    borrow_id: "simple@user.com",
    borrow_length: 86400,
}
