---
source: server/tests/book.rs
expression: read_snapshot(&log_dir)
---
UserCreationPayload {
    email: "simple@user.com",
    access_mask: 1,
    requester_access_token: None,
}
BookBorrowByTitlePayload {
    title: "Rapunzel",
    borrow_length: 86400,
    borrow_id: "simple@user.com",
}
BookBorrowByTitlePayload {
    title: "Rapunzel",
    borrow_length: 86400,
    borrow_id: "simple@user.com",
}
