---
source: server/tests/user.rs
expression: read_snapshot(&log_dir)
---
UserCreatePayload {
    email: "librarian@user.com",
    access_mask: 17,
    requester_access_token: Some(
        "admin_access_token",
    ),
}
UserCreatePayload {
    email: "simple@user.com",
    access_mask: 1,
    requester_access_token: None,
}
UserCreatePayload {
    email: "new_ADMIN@user.com",
    access_mask: 273,
    requester_access_token: Some(
        "simple@user.com",
    ),
}
UserCreatePayload {
    email: "new_LIBRARIAN@user.com",
    access_mask: 17,
    requester_access_token: Some(
        "simple@user.com",
    ),
}
